// Bun Snapshot v1, https://bun.sh/docs/test/snapshots

exports[`repro159 fp_poly with arc 1`] = `
[
  {
    "source_component_id": "source_component_0",
    "supplier_part_numbers": {},
    "type": "source_component",
  },
  {
    "center": {
      "x": 0,
      "y": 0,
    },
    "rotation": 0,
    "schematic_component_id": "schematic_component_0",
    "size": {
      "height": 0,
      "width": 0,
    },
    "source_component_id": "source_component_0",
    "type": "schematic_component",
  },
  {
    "center": {
      "x": 0,
      "y": 0,
    },
    "height": 0,
    "layer": "top",
    "pcb_component_id": "pcb_component_0",
    "rotation": 0,
    "source_component_id": "source_component_0",
    "type": "pcb_component",
    "width": 0,
  },
  {
    "layer": "top",
    "pcb_component_id": "pcb_component_0",
    "pcb_trace_id": "pcb_trace_0",
    "route": [
      {
        "x": 2.5,
        "y": -0.2,
      },
      {
        "x": -0.2,
        "y": -0.2,
      },
      {
        "x": -0.199996,
        "y": 2.5,
      },
      {
        "x": -0.1999990000000001,
        "y": 2.5,
      },
      {
        "x": 0.659917950678626,
        "y": 2.419608985310826,
      },
      {
        "x": 1.441576393945538,
        "y": 2.0522808549195766,
      },
      {
        "x": 2.0522808549195766,
        "y": 1.4415763939455382,
      },
      {
        "x": 2.4196089853108256,
        "y": 0.6599179506786264,
      },
      {
        "x": 2.5,
        "y": -0.19999899999999976,
      },
    ],
    "thickness": undefined,
    "type": "pcb_trace",
  },
]
`;
